// Jest Snapshot v1, https://goo.gl/fbAQLP

exports[`Progress chart UI 1`] = `
<section
  className="dashboardProgressChart"
>
  <p
    className="dashboardTasksNameProgressBar"
  >
    Tasks
  </p>
  <div
    className="dashboardTasksProgressBar"
    style={
      Object {
        "background": "linear-gradient(to right, #B290EB 0 20%, white 20% 100%)",
      }
    }
  >
    <p
      className="dashboardTasksValueProgressBar"
      style={
        Object {
          "transform": "translateX(10%)",
        }
      }
    >
      20%
    </p>
  </div>
  <p
    className="dashboardRevenueNameProgressBar"
  >
    Revenue
  </p>
  <div
    className="dashboardRevenueProgressBar"
    style={
      Object {
        "background": "linear-gradient(to right, #7ED3B2 0 50%, white 50% 100%)",
      }
    }
  >
    <div
      className="dashboardRevenueValueProgressBar"
      style={
        Object {
          "transform": "translateX(10%)",
        }
      }
    >
      50%
    </div>
  </div>
</section>
`;
